System is in a safe state.
Safe sequence: P2 -> P4 -> P1 -> P3 -> P5
