System is in a safe state.
Safe sequence: P1 -> P2 -> P5 -> P3 -> P4 -> P6 -> P7
